[
  "droonga.message",
  0,
  {
    "inReplyTo": null,
    "statusCode": 404,
    "type": "add.result",
    "body": {
      "name": "TableNotFound",
      "message": "Table <NonExistent> is not found"
    }
  }
]
